Archive member included because of file (symbol)

libs/gcc/app_start.lib(eint.o)
                              build\gcc\obj/cloud/protocol/mqtt/src/mqtt.o (Ql_EINT_Register)
libs/gcc/app_start.lib(fileSys.o)
                              build\gcc\obj/custom/fota/src/fota_ftp.o (Ql_FS_Open)
libs/gcc/app_start.lib(fota.o)
                              build\gcc\obj/custom/fota/src/fota_main.o (Ql_FOTA_Init)
libs/gcc/app_start.lib(gpio.o)
                              build\gcc\obj/custom/main.o (Ql_GPIO_Init)
libs/gcc/app_start.lib(gprs.o)
                              build\gcc\obj/custom/fota/src/fota_main.o (Ql_GPRS_GetPDPContextId)
libs/gcc/app_start.lib(iic.o)
                              build\gcc\obj/example/nema_pro.o (Ql_IIC_Write)
libs/gcc/app_start.lib(lib_ril_sms.o)
                              build\gcc\obj/ril/src/ril_sms.o (LIB_SMS_IsValidHexStr)
libs/gcc/app_start.lib(memory.o)
                              build\gcc\obj/ril/src/ril_bluetooth.o (Ql_MEM_Alloc)
libs/gcc/app_start.lib(ql_func.o)
                              libs/gcc/app_start.lib(memory.o) (api_notsup)
libs/gcc/app_start.lib(ql_main.o)
                              build\gcc\obj/ril/src/ril_bluetooth.o (Ql_Debug_Trace)
libs/gcc/app_start.lib(ril_aux.o)
                              build\gcc\obj/custom/config/sys_config.o (proc_reserved2)
libs/gcc/app_start.lib(ril_main.o)
                              build\gcc\obj/custom/config/sys_config.o (proc_reserved1)
libs/gcc/app_start.lib(socket.o)
                              build\gcc\obj/custom/main.o (Ql_SOC_Register)
libs/gcc/app_start.lib(stdlib_func.o)
                              build\gcc\obj/ril/src/Ril_dtmf.o (Ql_atof)
libs/gcc/app_start.lib(system.o)
                              build\gcc\obj/ril/src/ril_ftp.o (Ql_Sleep)
libs/gcc/app_start.lib(taskMngt.o)
                              build\gcc\obj/custom/main.o (Ql_OS_GetMessage)
libs/gcc/app_start.lib(time.o)
                              build\gcc\obj/cloud/protocol/mqtt/src/mqtt.o (Ql_GetLocalTime)
libs/gcc/app_start.lib(timer.o)
                              build\gcc\obj/custom/main.o (Ql_Timer_Register)
libs/gcc/app_start.lib(uart.o)
                              build\gcc\obj/custom/main.o (Ql_UART_Register)
libs/gcc/app_start.lib(ocpu_init.o)
                              libs/gcc/app_start.lib(ql_main.o) (_OCPU_InitUserMem)
D:\Program Files\Sourcery CodeBench MC20opencpu/arm-none-eabi/lib/thumb/libc.a(lib_a-memcpy-stub.o)
                              build\gcc\obj/ril/src/ril_alarm.o (memcpy)
D:\Program Files\Sourcery CodeBench MC20opencpu/arm-none-eabi/lib/thumb/libc.a(lib_a-memset.o)
                              build\gcc\obj/ril/src/ril_alarm.o (memset)
D:\Program Files\Sourcery CodeBench MC20opencpu/lib/gcc/arm-none-eabi/4.8.1/thumb/libgcc.a(_udivsi3.o)
                              build\gcc\obj/cloud/protocol/mqtt/src/mqtt.o (__aeabi_uidiv)
D:\Program Files\Sourcery CodeBench MC20opencpu/lib/gcc/arm-none-eabi/4.8.1/thumb/libgcc.a(_divsi3.o)
                              libs/gcc/app_start.lib(lib_ril_sms.o) (__aeabi_idiv)
D:\Program Files\Sourcery CodeBench MC20opencpu/lib/gcc/arm-none-eabi/4.8.1/thumb/libgcc.a(_dvmd_tls.o)
                              D:\Program Files\Sourcery CodeBench MC20opencpu/lib/gcc/arm-none-eabi/4.8.1/thumb/libgcc.a(_udivsi3.o) (__aeabi_idiv0)
D:\Program Files\Sourcery CodeBench MC20opencpu/lib/gcc/arm-none-eabi/4.8.1/thumb/libgcc.a(_arm_fixdfsi.o)
                              build\gcc\obj/ril/src/Ril_dtmf.o (__aeabi_d2iz)
D:\Program Files\Sourcery CodeBench MC20opencpu/lib/gcc/arm-none-eabi/4.8.1/thumb/libgcc.a(_arm_truncdfsf2.o)
                              build\gcc\obj/ril/src/ril_location.o (__aeabi_d2f)

Allocating common symbols
Common symbol       size              file

Ql_snprintf         0x4               libs/gcc/app_start.lib(ql_main.o)
Ql_sprintf          0x4               libs/gcc/app_start.lib(ql_main.o)
m_recv_buf          0x800             build\gcc\obj/custom/main.o
Ql_Debug_Trace      0x4               libs/gcc/app_start.lib(ql_main.o)
SecureDataStringLen
                    0x4               build\gcc\obj/ril/src/ril_system.o
u4OverflowPkt       0x4               build\gcc\obj/example/nema_pro.o
Ql_vsprintf         0x4               libs/gcc/app_start.lib(ql_main.o)
Ql_sscanf           0x4               libs/gcc/app_start.lib(ql_main.o)
rx_state            0x1               build\gcc\obj/example/nema_pro.o
g_comingCall        0x124             build\gcc\obj/ril/src/ril_telephony.o
Fota_gprsCfg        0xb0              build\gcc\obj/custom/fota/src/fota_main.o
mqttbuf             0x10              build\gcc\obj/cloud/protocol/mqtt/src/mqtt.o
mqttusername        0x1e              build\gcc\obj/cloud/protocol/mqtt/src/mqtt.o
FotaConfig          0x10              build\gcc\obj/custom/fota/src/fota_main.o
id_que              0x600             build\gcc\obj/example/nema_pro.o
[...]
Memory Configuration

Name             Origin             Length             Attributes
ROM              0x102db040         0x00050000         xr
RAM              0xf03d2000         0x00019000         xrw
*default*        0x00000000         0xffffffff

Linker script and memory map

                0x102db040                . = 0x102db040

.initdata       0x102db040       0x2c
 *(.initdata)
 .initdata      0x102db040       0x2c libs/gcc/app_start.lib(ql_main.o)
                0x102db040                GADLENTRY

text            0x102db070      0x3c0
 *(.text)
 .text          0x102db070       0x4c libs/gcc/app_start.lib(ocpu_init.o)
                0x102db070                _OCPU_InitUserMem
 .text          0x102db0bc       0x88 D:\Program Files\Sourcery CodeBench MC20opencpu/arm-none-eabi/lib/thumb/libc.a(lib_a-memcpy-stub.o)
                0x102db0bc                memcpy
 .text          0x102db144       0xbc D:\Program Files\Sourcery CodeBench MC20opencpu/arm-none-eabi/lib/thumb/libc.a(lib_a-memset.o)
                0x102db144                memset
 .text          0x102db200      0x11c D:\Program Files\Sourcery CodeBench MC20opencpu/lib/gcc/arm-none-eabi/4.8.1/thumb/libgcc.a(_udivsi3.o)
                0x102db200                __aeabi_uidiv
                0x102db200                __udivsi3
                0x102db2fc                __aeabi_uidivmod
 .text          0x102db31c        0x4 D:\Program Files\Sourcery CodeBench MC20opencpu/lib/gcc/arm-none-eabi/4.8.1/thumb/libgcc.a(_dvmd_tls.o)
                0x102db31c                __aeabi_idiv0
                0x102db31c                __aeabi_ldiv0
 .text          0x102db320       0x5c D:\Program Files\Sourcery CodeBench MC20opencpu/lib/gcc/arm-none-eabi/4.8.1/thumb/libgcc.a(_arm_fixdfsi.o)
                0x102db320                __aeabi_d2iz
                0x102db320                __fixdfsi
 .text          0x102db37c       0xa0 D:\Program Files\Sourcery CodeBench MC20opencpu/lib/gcc/arm-none-eabi/4.8.1/thumb/libgcc.a(_arm_truncdfsf2.o)
                0x102db37c                __truncdfsf2
                0x102db37c                __aeabi_d2f
 *fill*         0x102db41c        0x4 
 .text.__stub   0x102db420        0xc linker stubs

.glue_7         0x102db430        0x0
 .glue_7        0x00000000        0x0 linker stubs

.glue_7t        0x102db430        0x0
 .glue_7t       0x00000000        0x0 linker stubs

.vfp11_veneer   0x102db430        0x0
 .vfp11_veneer  0x00000000        0x0 linker stubs

.v4_bx          0x102db430        0x0
 .v4_bx         0x00000000        0x0 linker stubs

.iplt           0x102db430        0x0
 .iplt          0x00000000        0x0 build\gcc\obj/custom/config/custom_sys_cfg.o

.text.Ql_RIL_AT_SetErrCode
                0x102db430       0x10
 .text.Ql_RIL_AT_SetErrCode
                0x102db430       0x10 build\gcc\obj/ril/src/ril_atResponse.o
                0x102db430                Ql_RIL_AT_SetErrCode

.text.Default_atRsp_callback
                0x102db440       0xcc
 .text.Default_atRsp_callback
                0x102db440       0xcc build\gcc\obj/ril/src/ril_atResponse.o
                0x102db440                Default_atRsp_callback

.text.OnURCHandler_BTGatscon
                0x102db50c      0x118
 .text.OnURCHandler_BTGatscon
                0x102db50c      0x118 build\gcc\obj/ril/src/ril_ble.o
                0x102db50c                OnURCHandler_BTGatscon

.text.OnURCHandler_BTGatwreq
                0x102db624       0xf0
 .text.OnURCHandler_BTGatwreq
                0x102db624       0xf0 build\gcc\obj/ril/src/ril_ble.o
                0x102db624                OnURCHandler_BTGatwreq

.text.OnURCHandler_BTGatrreq
                0x102db714       0xc0
 .text.OnURCHandler_BTGatrreq
                0x102db714       0xc0 build\gcc\obj/ril/src/ril_ble.o
                0x102db714                OnURCHandler_BTGatrreq

.text.OnURCHandler_BTpxpscon
                0x102db7d4       0xa8
 .text.OnURCHandler_BTpxpscon
                0x102db7d4       0xa8 build\gcc\obj/ril/src/ril_ble.o
                0x102db7d4                OnURCHandler_BTpxpscon

.text.OnURCHandler_BTfmpscon
                0x102db87c       0x9c
 .text.OnURCHandler_BTfmpscon
                0x102db87c       0x9c build\gcc\obj/ril/src/ril_ble.o
                0x102db87c                OnURCHandler_BTfmpscon

.text.BT_DevMngmt_Append
                0x102db918       0x34
 .text.BT_DevMngmt_Append
                0x102db918       0x34 build\gcc\obj/ril/src/ril_bluetooth.o

.text.BT_DevMngmt_isFull
                0x102db94c       0x40
 .text.BT_DevMngmt_isFull
                0x102db94c       0x40 build\gcc\obj/ril/src/ril_bluetooth.o

.text.ATRsp_QBTSTATE_Hdlr
                0x102db98c      0x42c
 .text.ATRsp_QBTSTATE_Hdlr
                0x102db98c      0x42c build\gcc\obj/ril/src/ril_bluetooth.o

.text.BT_DevMngmt_UpdateProfileId.constprop.7
                0x102dbdb8       0x38
 .text.BT_DevMngmt_UpdateProfileId.constprop.7
                0x102dbdb8       0x38 build\gcc\obj/ril/src/ril_bluetooth.o

.text.BT_DevMngmt_UpdateConnId.constprop.8
                0x102dbdf0       0x38
 .text.BT_DevMngmt_UpdateConnId.constprop.8
                0x102dbdf0       0x38 build\gcc\obj/ril/src/ril_bluetooth.o

.text.OnURCHandler_BTVisible
                0x102dbe28       0xe4
 .text.OnURCHandler_BTVisible
                0x102dbe28       0xe4 build\gcc\obj/ril/src/ril_bluetooth.o
                0x102dbe28                OnURCHandler_BTVisible

.text.OnURCHandler_BTScan
                0x102dbf0c      0x268
 .text.OnURCHandler_BTScan
                0x102dbf0c      0x268 build\gcc\obj/ril/src/ril_bluetooth.o
                0x102dbf0c                OnURCHandler_BTScan

.text.RIL_BT_QueryState
                0x102dc174       0x68
 .text.RIL_BT_QueryState
                0x102dc174       0x68 build\gcc\obj/ril/src/ril_bluetooth.o
                0x102dc174                RIL_BT_QueryState

.text.OnURCHandler_BTPair
                0x102dc1dc      0x204
 .text.OnURCHandler_BTPair
                0x102dc1dc      0x204 build\gcc\obj/ril/src/ril_bluetooth.o
                0x102dc1dc                OnURCHandler_BTPair

.text.OnURCHandler_BTPairCnf
                0x102dc3e0      0x218
 .text.OnURCHandler_BTPairCnf
                0x102dc3e0      0x218 build\gcc\obj/ril/src/ril_bluetooth.o
                0x102dc3e0                OnURCHandler_BTPairCnf

.text.OnURCHandler_BTConn
                0x102dc5f8      0x220
 .text.OnURCHandler_BTConn
                0x102dc5f8      0x220 build\gcc\obj/ril/src/ril_bluetooth.o
                0x102dc5f8                OnURCHandler_BTConn

.text.OnURCHandler_BTConnCnf
                0x102dc818      0x2a8
 .text.OnURCHandler_BTConnCnf
                0x102dc818      0x2a8 build\gcc\obj/ril/src/ril_bluetooth.o
                0x102dc818                OnURCHandler_BTConnCnf

.text.OnURCHandler_BTDisconn
                0x102dcac0      0x1b8
 .text.OnURCHandler_BTDisconn
                0x102dcac0      0x1b8 build\gcc\obj/ril/src/ril_bluetooth.o
                0x102dcac0                OnURCHandler_BTDisconn

.text.OnURCHandler_BTIndication
                0x102dcc78      0x350
 .text.OnURCHandler_BTIndication
                0x102dcc78      0x350 build\gcc\obj/ril/src/ril_bluetooth.o
                0x102dcc78                OnURCHandler_BTIndication

.text.Ql_RIL_RcvDataFrmCore
                0x102dcfc8       0x20
 .text.Ql_RIL_RcvDataFrmCore
                0x102dcfc8       0x20 build\gcc\obj/ril/src/ril_custom.o
                0x102dcfc8                Ql_RIL_RcvDataFrmCore

.text.OnURCHandler_QToneDet
                0x102dcfe8       0xf0
 .text.OnURCHandler_QToneDet
                0x102dcfe8       0xf0 build\gcc\obj/ril/src/Ril_dtmf.o
                0x102dcfe8                OnURCHandler_QToneDet

.text.OnURCHandler_QWDTMF
                0x102dd0d8       0xa0
 .text.OnURCHandler_QWDTMF
                0x102dd0d8       0xa0 build\gcc\obj/ril/src/Ril_dtmf.o
                0x102dd0d8                OnURCHandler_QWDTMF

.text.OnURCHandler_GPSCMD
                0x102dd178       0x6c
 .text.OnURCHandler_GPSCMD
                0x102dd178       0x6c build\gcc\obj/ril/src/ril_gps.o
                0x102dd178                OnURCHandler_GPSCMD

.text.RIL_GetInitCmdCnt
                0x102dd1e4        0x8
 .text.RIL_GetInitCmdCnt
                0x102dd1e4        0x8 build\gcc\obj/ril/src/ril_init.o
                0x102dd1e4                RIL_GetInitCmdCnt

.text.RIL_GetLimitedCmdCnt
                0x102dd1ec        0x8
 .text.RIL_GetLimitedCmdCnt
                0x102dd1ec        0x8 build\gcc\obj/ril/src/ril_init.o
                0x102dd1ec                RIL_GetLimitedCmdCnt

.text.OnURCHandler_QCELLLocation
                0x102dd1f4       0xd4
 .text.OnURCHandler_QCELLLocation
                0x102dd1f4       0xd4 build\gcc\obj/ril/src/ril_location.o
                0x102dd1f4                OnURCHandler_QCELLLocation

.text.ATResponse_CREG_Handler
                0x102dd2c8       0xcc
 .text.ATResponse_CREG_Handler
                0x102dd2c8       0xcc build\gcc\obj/ril/src/ril_network.o

.text.ATResponse_CGREG_Handler
                0x102dd394       0xcc
 .text.ATResponse_CGREG_Handler
                0x102dd394       0xcc build\gcc\obj/ril/src/ril_network.o

.text.RIL_NW_GetGSMState
                0x102dd460       0x78
 .text.RIL_NW_GetGSMState
                0x102dd460       0x78 build\gcc\obj/ril/src/ril_network.o
                0x102dd460                RIL_NW_GetGSMState

.text.RIL_NW_GetGPRSState
                0x102dd4d8       0x78
 .text.RIL_NW_GetGPRSState
                0x102dd4d8       0x78 build\gcc\obj/ril/src/ril_network.o
                0x102dd4d8                RIL_NW_GetGPRSState

.text.OnURCHandler_NTPCMD
                0x102dd550       0x6c
 .text.OnURCHandler_NTPCMD
                0x102dd550       0x6c build\gcc\obj/ril/src/ril_ntp.o
                0x102dd550                OnURCHandler_NTPCMD

.text.RIL_SIM_GetSimStateByName
                0x102dd5bc      0x170
 .text.RIL_SIM_GetSimStateByName
                0x102dd5bc      0x170 build\gcc\obj/ril/src/ril_sim.o
                0x102dd5bc                RIL_SIM_GetSimStateByName

.text.ATResponse_CPIN_Handler
                0x102dd72c      0x174
 .text.ATResponse_CPIN_Handler
                0x102dd72c      0x174 build\gcc\obj/ril/src/ril_sim.o

.text.RIL_SIM_GetSimState
                0x102dd8a0       0x78
 .text.RIL_SIM_GetSimState
                0x102dd8a0       0x78 build\gcc\obj/ril/src/ril_sim.o
                0x102dd8a0                RIL_SIM_GetSimState

.text.ATRsp_IMEI_Handler
                0x102dd918       0x9c
 .text.ATRsp_IMEI_Handler
                0x102dd918       0x9c build\gcc\obj/ril/src/ril_system.o

.text.RIL_GetIMEI
                0x102dd9b4       0x74
 .text.RIL_GetIMEI
                0x102dd9b4       0x74 build\gcc\obj/ril/src/ril_system.o
                0x102dd9b4                RIL_GetIMEI

.text.OnURCHandler_HTTP
                0x102dda28       0x6c
 .text.OnURCHandler_HTTP
                0x102dda28       0x6c build\gcc\obj/ril/src/ril_urc.o

.text.OnURCHandler_AudPlayInd
                0x102dda94       0x54
 .text.OnURCHandler_AudPlayInd
                0x102dda94       0x54 build\gcc\obj/ril/src/ril_urc.o

.text.OnURCHandler_FTP
                0x102ddae8      0x174
 .text.OnURCHandler_FTP
                0x102ddae8      0x174 build\gcc\obj/ril/src/ril_urc.o

.text.OnURCHandler_AlarmRing
                0x102ddc5c       0x28
 .text.OnURCHandler_AlarmRing
                0x102ddc5c       0x28 build\gcc\obj/ril/src/ril_urc.o

.text.OnURCHandler_InitStat
                0x102ddc84       0x64
 .text.OnURCHandler_InitStat
                0x102ddc84       0x64 build\gcc\obj/ril/src/ril_urc.o

.text.OnURCHandler_CFUN
                0x102ddce8       0xc0
 .text.OnURCHandler_CFUN
                0x102ddce8       0xc0 build\gcc\obj/ril/src/ril_urc.o

.text.OnURCHandler_Voltage
                0x102ddda8       0xa0
 .text.OnURCHandler_Voltage
                0x102ddda8       0xa0 build\gcc\obj/ril/src/ril_urc.o

.text.OnURCHandler_Network
                0x102dde48      0x17c
 .text.OnURCHandler_Network
                0x102dde48      0x17c build\gcc\obj/ril/src/ril_urc.o

.text.OnURCHandler_Call
                0x102ddfc4      0x284
 .text.OnURCHandler_Call
                0x102ddfc4      0x284 build\gcc\obj/ril/src/ril_urc.o

.text.OnURCHandler_SIM
                0x102de248      0x100
 .text.OnURCHandler_SIM
                0x102de248      0x100 build\gcc\obj/ril/src/ril_urc.o

.text.OnURCHandler_SMS
                0x102de348      0x13c
 .text.OnURCHandler_SMS
                0x102de348      0x13c build\gcc\obj/ril/src/ril_urc.o

.text.OnURCHandler
                0x102de484       0xbc
 .text.OnURCHandler
                0x102de484       0xbc build\gcc\obj/ril/src/ril_urc.o
                0x102de484                OnURCHandler

.text.Ql_RIL_IsURCStr
                0x102de540       0x80
 .text.Ql_RIL_IsURCStr
                0x102de540       0x80 build\gcc\obj/ril/src/ril_urc.o
                0x102de540                Ql_RIL_IsURCStr

.text.Ql_StrPrefixMatch
                0x102de5c0       0x40
 .text.Ql_StrPrefixMatch
                0x102de5c0       0x40 build\gcc\obj/ril/src/ril_util.o
                0x102de5c0                Ql_StrPrefixMatch

.text.Ql_StrToUpper
                0x102de600       0x48
 .text.Ql_StrToUpper
                0x102de600       0x48 build\gcc\obj/ril/src/ril_util.o
                0x102de600                Ql_StrToUpper

.text.Ql_RIL_FindString
                0x102de648       0x88
 .text.Ql_RIL_FindString
                0x102de648       0x88 build\gcc\obj/ril/src/ril_util.o
                0x102de648                Ql_RIL_FindString

.text.Ql_RIL_FindLine
                0x102de6d0      0x274
 .text.Ql_RIL_FindLine
                0x102de6d0      0x274 build\gcc\obj/ril/src/ril_util.o
                0x102de6d0                Ql_RIL_FindLine

.text.Ql_GenHash
                0x102de944       0x4c
 .text.Ql_GenHash
                0x102de944       0x4c build\gcc\obj/ril/src/ril_util.o
                0x102de944                Ql_GenHash

.text.Analyse_Command
                0x102de990      0x170
 .text.Analyse_Command
                0x102de990      0x170 build\gcc\obj/example/utility.o
                0x102de990                Analyse_Command

.text.callback_socket_accept
                0x102deb00        0x4
 .text.callback_socket_accept
                0x102deb00        0x4 build\gcc\obj/custom/main.o
                0x102deb00                callback_socket_accept

.text.callback_socket_close
                0x102deb04       0xc0
 .text.callback_socket_close
                0x102deb04       0xc0 build\gcc\obj/custom/main.o
                0x102deb04                callback_socket_close

.text.callback_socket_write
                0x102debc4      0x28c
 .text.callback_socket_write
                0x102debc4      0x28c build\gcc\obj/custom/main.o
                0x102debc4                callback_socket_write

.text.Callback_Timer
                0x102dee50      0xf04
 .text.Callback_Timer
                0x102dee50      0xf04 build\gcc\obj/custom/main.o

.text.callback_socket_read
                0x102dfd54      0x2d4
 .text.callback_socket_read
                0x102dfd54      0x2d4 build\gcc\obj/custom/main.o
                0x102dfd54                callback_socket_read

.text.Callback_GPRS_Actived
                0x102e0028       0xbc
 .text.Callback_GPRS_Actived
                0x102e0028       0xbc build\gcc\obj/custom/main.o
                0x102e0028                Callback_GPRS_Actived

.text.CallBack_GPRS_Deactived
                0x102e00e4       0xc4
 .text.CallBack_GPRS_Deactived
                0x102e00e4       0xc4 build\gcc\obj/custom/main.o
                0x102e00e4                CallBack_GPRS_Deactived

.text.callback_socket_connect
                0x102e01a8      0x114
 .text.callback_socket_connect
                0x102e01a8      0x114 build\gcc\obj/custom/main.o
                0x102e01a8                callback_socket_connect

.text.Callback_GetIpByName
                0x102e02bc      0x188
 .text.Callback_GetIpByName
                0x102e02bc      0x188 build\gcc\obj/custom/main.o
                0x102e02bc                Callback_GetIpByName

.text.CallBack_UART_Hdlr
                0x102e0444      0x3f0
 .text.CallBack_UART_Hdlr
                0x102e0444      0x3f0 build\gcc\obj/custom/main.o

.text.proc_main_task
                0x102e0834      0x230
 .text.proc_main_task
                0x102e0834      0x230 build\gcc\obj/custom/main.o
                0x102e0834                proc_main_task

.text.buffer_init
                0x102e0a64       0x30
 .text.buffer_init
                0x102e0a64       0x30 build\gcc\obj/custom/main.o
                0x102e0a64                buffer_init

.text.devlink   0x102e0a94      0x2ec
 .text.devlink  0x102e0a94      0x2ec build\gcc\obj/custom/main.o
                0x102e0a94                devlink

.text.Callback_MQTT_Timer
                0x102e0d80      0x2cc
 .text.Callback_MQTT_Timer
                0x102e0d80      0x2cc build\gcc\obj/custom/main.o

.text.ext_callback
                0x102e104c      0x128
 .text.ext_callback
                0x102e104c      0x128 build\gcc\obj/cloud/protocol/mqtt/src/mqtt.o
                0x102e104c                ext_callback

.text.MQTT_Subscribe
                0x102e1174      0x210
 .text.MQTT_Subscribe
                0x102e1174      0x210 build\gcc\obj/cloud/protocol/mqtt/src/mqtt.o
                0x102e1174                MQTT_Subscribe

.text.MQTT_Publish
                0x102e1384      0x1fc
 .text.MQTT_Publish
                0x102e1384      0x1fc build\gcc\obj/cloud/protocol/mqtt/src/mqtt.o
                0x102e1384                MQTT_Publish

.text.MQTT_Ping
                0x102e1580       0xe0
 .text.MQTT_Ping
                0x102e1580       0xe0 build\gcc\obj/cloud/protocol/mqtt/src/mqtt.o
                0x102e1580                MQTT_Ping

.text.getusername
                0x102e1660      0x154
 .text.getusername
                0x102e1660      0x154 build\gcc\obj/cloud/protocol/mqtt/src/mqtt.o
                0x102e1660                getusername

.text.packet    0x102e17b4      0x2d4
 .text.packet   0x102e17b4      0x2d4 build\gcc\obj/cloud/protocol/mqtt/src/mqtt.o
                0x102e17b4                packet

.text.open      0x102e1a88      0x174
 .text.open     0x102e1a88      0x174 build\gcc\obj/cloud/protocol/mqtt/src/mqtt.o
                0x102e1a88                open

.text.CALLBACK_Execute
                0x102e1bfc      0x258
 .text.CALLBACK_Execute
                0x102e1bfc      0x258 build\gcc\obj/cloud/protocol/mqtt/src/mqtt.o
                0x102e1bfc                CALLBACK_Execute

.text.MQTT_RevPro
                0x102e1e54      0x964
 .text.MQTT_RevPro
                0x102e1e54      0x964 build\gcc\obj/cloud/protocol/mqtt/src/mqtt.o
                0x102e1e54                MQTT_RevPro

.text.extinit   0x102e27b8       0xec
 .text.extinit  0x102e27b8       0xec build\gcc\obj/cloud/protocol/mqtt/src/mqtt.o
                0x102e27b8                extinit

.text.gettopicid
                0x102e28a4       0x5c
 .text.gettopicid
                0x102e28a4       0x5c build\gcc\obj/cloud/protocol/mqtt/src/mqtt.o
                0x102e28a4                gettopicid

.text.GetBCDIMEI
                0x102e2900      0x1e8
 .text.GetBCDIMEI
                0x102e2900      0x1e8 build\gcc\obj/cloud/protocol/mqtt/src/mqtt.o
                0x102e2900                GetBCDIMEI

.text.MQTT_NewBuffer
                0x102e2ae8       0x30
 .text.MQTT_NewBuffer
                0x102e2ae8       0x30 build\gcc\obj/cloud/protocol/mqtt/src/MqttKit.o
                0x102e2ae8                MQTT_NewBuffer

.text.MQTT_DeleteBuffer
                0x102e2b18       0x2c
 .text.MQTT_DeleteBuffer
                0x102e2b18       0x2c build\gcc\obj/cloud/protocol/mqtt/src/MqttKit.o
                0x102e2b18                MQTT_DeleteBuffer

.text.MQTT_DumpLength
                0x102e2b44       0x3c
 .text.MQTT_DumpLength
                0x102e2b44       0x3c build\gcc\obj/cloud/protocol/mqtt/src/MqttKit.o
                0x102e2b44                MQTT_DumpLength

.text.MQTT_PacketPublish.part.0
                0x102e2b80      0x1bc
 .text.MQTT_PacketPublish.part.0
                0x102e2b80      0x1bc build\gcc\obj/cloud/protocol/mqtt/src/MqttKit.o

.text.MQTT_ReadLength
                0x102e2d3c       0x64
 .text.MQTT_ReadLength
                0x102e2d3c       0x64 build\gcc\obj/cloud/protocol/mqtt/src/MqttKit.o
                0x102e2d3c                MQTT_ReadLength

.text.MQTT_UnPacketRecv
                0x102e2da0       0xb4
 .text.MQTT_UnPacketRecv
                0x102e2da0       0xb4 build\gcc\obj/cloud/protocol/mqtt/src/MqttKit.o
                0x102e2da0                MQTT_UnPacketRecv

.text.MQTT_PacketConnect
                0x102e2e54      0x444
 .text.MQTT_PacketConnect
                0x102e2e54      0x444 build\gcc\obj/cloud/protocol/mqtt/src/MqttKit.o
                0x102e2e54                MQTT_PacketConnect

.text.MQTT_UnPacketConnectAck
                0x102e3298       0x30
 .text.MQTT_UnPacketConnectAck
                0x102e3298       0x30 build\gcc\obj/cloud/protocol/mqtt/src/MqttKit.o
                0x102e3298                MQTT_UnPacketConnectAck

.text.MQTT_UnPacketCmd
                0x102e32c8      0x10c
 .text.MQTT_UnPacketCmd
                0x102e32c8      0x10c build\gcc\obj/cloud/protocol/mqtt/src/MqttKit.o
                0x102e32c8                MQTT_UnPacketCmd

.text.MQTT_PacketCmdResp
                0x102e33d4       0xec
 .text.MQTT_PacketCmdResp
                0x102e33d4       0xec build\gcc\obj/cloud/protocol/mqtt/src/MqttKit.o
                0x102e33d4                MQTT_PacketCmdResp

.text.MQTT_PacketSubscribe
                0x102e34c0      0x188
 .text.MQTT_PacketSubscribe
                0x102e34c0      0x188 build\gcc\obj/cloud/protocol/mqtt/src/MqttKit.o
                0x102e34c0                MQTT_PacketSubscribe

.text.MQTT_UnPacketSubscribe
                0x102e3648       0x44
 .text.MQTT_UnPacketSubscribe
                0x102e3648       0x44 build\gcc\obj/cloud/protocol/mqtt/src/MqttKit.o
                0x102e3648                MQTT_UnPacketSubscribe

.text.MQTT_UnPacketUnSubscribe
                0x102e368c       0x24
 .text.MQTT_UnPacketUnSubscribe
                0x102e368c       0x24 build\gcc\obj/cloud/protocol/mqtt/src/MqttKit.o
                0x102e368c                MQTT_UnPacketUnSubscribe

.text.MQTT_PacketPublish
                0x102e36b0       0x3c
 .text.MQTT_PacketPublish
                0x102e36b0       0x3c build\gcc\obj/cloud/protocol/mqtt/src/MqttKit.o
                0x102e36b0                MQTT_PacketPublish

.text.MQTT_UnPacketPublish
                0x102e36ec      0x29c
 .text.MQTT_UnPacketPublish
                0x102e36ec      0x29c build\gcc\obj/cloud/protocol/mqtt/src/MqttKit.o
                0x102e36ec                MQTT_UnPacketPublish

.text.MQTT_PacketPublishAck
                0x102e3988       0x68
 .text.MQTT_PacketPublishAck
                0x102e3988       0x68 build\gcc\obj/cloud/protocol/mqtt/src/MqttKit.o
                0x102e3988                MQTT_PacketPublishAck

.text.MQTT_UnPacketPublishAck
                0x102e39f0       0x30
 .text.MQTT_UnPacketPublishAck
                0x102e39f0       0x30 build\gcc\obj/cloud/protocol/mqtt/src/MqttKit.o
                0x102e39f0                MQTT_UnPacketPublishAck

.text.MQTT_PacketPublishRec
                0x102e3a20       0x68
 .text.MQTT_PacketPublishRec
                0x102e3a20       0x68 build\gcc\obj/cloud/protocol/mqtt/src/MqttKit.o
                0x102e3a20                MQTT_PacketPublishRec

.text.MQTT_UnPacketPublishRec
                0x102e3a88       0x30
 .text.MQTT_UnPacketPublishRec
                0x102e3a88       0x30 build\gcc\obj/cloud/protocol/mqtt/src/MqttKit.o
                0x102e3a88                MQTT_UnPacketPublishRec

.text.MQTT_PacketPublishRel
                0x102e3ab8       0x68
 .text.MQTT_PacketPublishRel
                0x102e3ab8       0x68 build\gcc\obj/cloud/protocol/mqtt/src/MqttKit.o
                0x102e3ab8                MQTT_PacketPublishRel

.text.MQTT_UnPacketPublishRel
                0x102e3b20       0x34
 .text.MQTT_UnPacketPublishRel
                0x102e3b20       0x34 build\gcc\obj/cloud/protocol/mqtt/src/MqttKit.o
                0x102e3b20                MQTT_UnPacketPublishRel

.text.MQTT_PacketPublishComp
                0x102e3b54       0x68
 .text.MQTT_PacketPublishComp
                0x102e3b54       0x68 build\gcc\obj/cloud/protocol/mqtt/src/MqttKit.o
                0x102e3b54                MQTT_PacketPublishComp

.text.MQTT_UnPacketPublishComp
                0x102e3bbc       0x30
 .text.MQTT_UnPacketPublishComp
                0x102e3bbc       0x30 build\gcc\obj/cloud/protocol/mqtt/src/MqttKit.o
                0x102e3bbc                MQTT_UnPacketPublishComp

.text.MQTT_PacketPing
                0x102e3bec       0x58
 .text.MQTT_PacketPing
                0x102e3bec       0x58 build\gcc\obj/cloud/protocol/mqtt/src/MqttKit.o
                0x102e3bec                MQTT_PacketPing

.text.Ql_EINT_Register
                0x102e3c44       0x70
 .text.Ql_EINT_Register
                0x102e3c44       0x70 libs/gcc/app_start.lib(eint.o)
                0x102e3c44                Ql_EINT_Register

.text.Ql_EINT_Init
                0x102e3cb4       0x80
 .text.Ql_EINT_Init
                0x102e3cb4       0x80 libs/gcc/app_start.lib(eint.o)
                0x102e3cb4                Ql_EINT_Init

.text.Ql_EINT_GetLevel
                0x102e3d34       0x60
 .text.Ql_EINT_GetLevel
                0x102e3d34       0x60 libs/gcc/app_start.lib(eint.o)
                0x102e3d34                Ql_EINT_GetLevel

.text.Ql_GPIO_Init
                0x102e3d94       0x78
 .text.Ql_GPIO_Init
                0x102e3d94       0x78 libs/gcc/app_start.lib(gpio.o)
                0x102e3d94                Ql_GPIO_Init

.text.Ql_GPIO_SetLevel
                0x102e3e0c       0x68
 .text.Ql_GPIO_SetLevel
                0x102e3e0c       0x68 libs/gcc/app_start.lib(gpio.o)
                0x102e3e0c                Ql_GPIO_SetLevel

.text.Ql_GPIO_GetLevel
                0x102e3e74       0x60
 .text.Ql_GPIO_GetLevel
                0x102e3e74       0x60 libs/gcc/app_start.lib(gpio.o)
                0x102e3e74                Ql_GPIO_GetLevel

.text.Ql_GPRS_Config
                0x102e3ed4       0x68
 .text.Ql_GPRS_Config
                0x102e3ed4       0x68 libs/gcc/app_start.lib(gprs.o)
                0x102e3ed4                Ql_GPRS_Config

.text.Ql_GPRS_Register
                0x102e3f3c       0x70
 .text.Ql_GPRS_Register
                0x102e3f3c       0x70 libs/gcc/app_start.lib(gprs.o)
                0x102e3f3c                Ql_GPRS_Register

.text.Ql_GPRS_Activate
                0x102e3fac       0x60
 .text.Ql_GPRS_Activate
                0x102e3fac       0x60 libs/gcc/app_start.lib(gprs.o)
                0x102e3fac                Ql_GPRS_Activate

.text.Ql_GPRS_Deactivate
                0x102e400c       0x60
 .text.Ql_GPRS_Deactivate
                0x102e400c       0x60 libs/gcc/app_start.lib(gprs.o)
                0x102e400c                Ql_GPRS_Deactivate

.text.Ql_GPRS_GetLocalIPAddress
                0x102e406c       0x68
 .text.Ql_GPRS_GetLocalIPAddress
                0x102e406c       0x68 libs/gcc/app_start.lib(gprs.o)
                0x102e406c                Ql_GPRS_GetLocalIPAddress

.text.Ql_GPRS_GetDNSAddress
                0x102e40d4       0x70
 .text.Ql_GPRS_GetDNSAddress
                0x102e40d4       0x70 libs/gcc/app_start.lib(gprs.o)
                0x102e40d4                Ql_GPRS_GetDNSAddress

.text.Ql_MEM_Alloc
                0x102e4144       0x78
 .text.Ql_MEM_Alloc
                0x102e4144       0x78 libs/gcc/app_start.lib(memory.o)
                0x102e4144                Ql_MEM_Alloc

.text.Ql_MEM_Free
                0x102e41bc       0x74
 .text.Ql_MEM_Free
                0x102e41bc       0x74 libs/gcc/app_start.lib(memory.o)
                0x102e41bc                Ql_MEM_Free

.text.ql_InitVFunc
                0x102e4230      0x104
 .text.ql_InitVFunc
                0x102e4230      0x104 libs/gcc/app_start.lib(ql_main.o)
                0x102e4230                ql_InitVFunc

.text.ocpu_main
                0x102e4334       0xf0
 .text.ocpu_main
                0x102e4334       0xf0 libs/gcc/app_start.lib(ql_main.o)
                0x102e4334                ocpu_main

.text.proc_reserved2
                0x102e4424       0x70
 .text.proc_reserved2
                0x102e4424       0x70 libs/gcc/app_start.lib(ril_aux.o)
                0x102e4424                proc_reserved2

.text.ril_StopATTimer
                0x102e4494       0x34
 .text.ril_StopATTimer
                0x102e4494       0x34 libs/gcc/app_start.lib(ril_main.o)

.text.Callback_OnATTimer
                0x102e44c8       0x4c
 .text.Callback_OnATTimer
                0x102e44c8       0x4c libs/gcc/app_start.lib(ril_main.o)

.text.CallBack_SerialPort_Hdlr
                0x102e4514      0x384
 .text.CallBack_SerialPort_Hdlr
                0x102e4514      0x384 libs/gcc/app_start.lib(ril_main.o)

.text.proc_reserved1
                0x102e4898      0x200
 .text.proc_reserved1
                0x102e4898      0x200 libs/gcc/app_start.lib(ril_main.o)
                0x102e4898                proc_reserved1

.text.Ql_RIL_Initialize
                0x102e4a98       0xd4
 .text.Ql_RIL_Initialize
                0x102e4a98       0xd4 libs/gcc/app_start.lib(ril_main.o)
                0x102e4a98                Ql_RIL_Initialize

.text.Ql_RIL_SendATCmd
                0x102e4b6c      0x260
 .text.Ql_RIL_SendATCmd
                0x102e4b6c      0x260 libs/gcc/app_start.lib(ril_main.o)
                0x102e4b6c                Ql_RIL_SendATCmd

.text.Ql_SOC_Register
                0x102e4dcc       0x84
 .text.Ql_SOC_Register
                0x102e4dcc       0x84 libs/gcc/app_start.lib(socket.o)
                0x102e4dcc                Ql_SOC_Register

.text.Ql_SOC_Create
                0x102e4e50       0x64
 .text.Ql_SOC_Create
                0x102e4e50       0x64 libs/gcc/app_start.lib(socket.o)
                0x102e4e50                Ql_SOC_Create

.text.Ql_SOC_Close
                0x102e4eb4       0x60
 .text.Ql_SOC_Close
                0x102e4eb4       0x60 libs/gcc/app_start.lib(socket.o)
                0x102e4eb4                Ql_SOC_Close

.text.Ql_SOC_Connect
                0x102e4f14       0x70
 .text.Ql_SOC_Connect
                0x102e4f14       0x70 libs/gcc/app_start.lib(socket.o)
                0x102e4f14                Ql_SOC_Connect

.text.Ql_SOC_Send
                0x102e4f84       0x70
 .text.Ql_SOC_Send
                0x102e4f84       0x70 libs/gcc/app_start.lib(socket.o)
                0x102e4f84                Ql_SOC_Send

.text.Ql_SOC_Recv
                0x102e4ff4       0x70
 .text.Ql_SOC_Recv
                0x102e4ff4       0x70 libs/gcc/app_start.lib(socket.o)
                0x102e4ff4                Ql_SOC_Recv

.text.Ql_SOC_GetAckNumber
                0x102e5064       0x68
 .text.Ql_SOC_GetAckNumber
                0x102e5064       0x68 libs/gcc/app_start.lib(socket.o)
                0x102e5064                Ql_SOC_GetAckNumber

.text.Ql_IpHelper_GetIPByHostName
                0x102e50cc       0x78
 .text.Ql_IpHelper_GetIPByHostName
                0x102e50cc       0x78 libs/gcc/app_start.lib(socket.o)
                0x102e50cc                Ql_IpHelper_GetIPByHostName

.text.Ql_IpHelper_ConvertIpAddr
                0x102e5144       0x68
 .text.Ql_IpHelper_ConvertIpAddr
                0x102e5144       0x68 libs/gcc/app_start.lib(socket.o)
                0x102e5144                Ql_IpHelper_ConvertIpAddr

.text.Ql_atof   0x102e51ac       0x98
 .text.Ql_atof  0x102e51ac       0x98 libs/gcc/app_start.lib(stdlib_func.o)
                0x102e51ac                Ql_atof

.text.Ql_strcpy
                0x102e5244       0xa0
 .text.Ql_strcpy
                0x102e5244       0xa0 libs/gcc/app_start.lib(stdlib_func.o)
                0x102e5244                Ql_strcpy

.text.Ql_strncpy
                0x102e52e4       0x88
 .text.Ql_strncpy
                0x102e52e4       0x88 libs/gcc/app_start.lib(stdlib_func.o)
                0x102e52e4                Ql_strncpy

.text.Ql_strcat
                0x102e536c       0x80
 .text.Ql_strcat
                0x102e536c       0x80 libs/gcc/app_start.lib(stdlib_func.o)
                0x102e536c                Ql_strcat

.text.Ql_strncat
                0x102e53ec       0x88
 .text.Ql_strncat
                0x102e53ec       0x88 libs/gcc/app_start.lib(stdlib_func.o)
                0x102e53ec                Ql_strncat

.text.Ql_strlen
                0x102e5474       0x78
 .text.Ql_strlen
                0x102e5474       0x78 libs/gcc/app_start.lib(stdlib_func.o)
                0x102e5474                Ql_strlen

.text.Ql_strcmp
                0x102e54ec       0x68
 .text.Ql_strcmp
                0x102e54ec       0x68 libs/gcc/app_start.lib(stdlib_func.o)
                0x102e54ec                Ql_strcmp

.text.Ql_strncmp
                0x102e5554       0x70
 .text.Ql_strncmp
                0x102e5554       0x70 libs/gcc/app_start.lib(stdlib_func.o)
                0x102e5554                Ql_strncmp

.text.Ql_memset
                0x102e55c4       0x88
 .text.Ql_memset
                0x102e55c4       0x88 libs/gcc/app_start.lib(stdlib_func.o)
                0x102e55c4                Ql_memset

.text.Ql_memcpy
                0x102e564c       0x88
 .text.Ql_memcpy
                0x102e564c       0x88 libs/gcc/app_start.lib(stdlib_func.o)
                0x102e564c                Ql_memcpy

.text.Ql_memcmp
                0x102e56d4       0x70
 .text.Ql_memcmp
                0x102e56d4       0x70 libs/gcc/app_start.lib(stdlib_func.o)
                0x102e56d4                Ql_memcmp

.text.Ql_strstr
                0x102e5744       0x80
 .text.Ql_strstr
                0x102e5744       0x80 libs/gcc/app_start.lib(stdlib_func.o)
                0x102e5744                Ql_strstr

.text.Ql_strchr
                0x102e57c4       0x80
 .text.Ql_strchr
                0x102e57c4       0x80 libs/gcc/app_start.lib(stdlib_func.o)
                0x102e57c4                Ql_strchr

.text.Ql_toupper
                0x102e5844        0x8
 .text.Ql_toupper
                0x102e5844        0x8 libs/gcc/app_start.lib(stdlib_func.o)
                0x102e5844                Ql_toupper

.text.Ql_atoi   0x102e584c       0x84
 .text.Ql_atoi  0x102e584c       0x84 libs/gcc/app_start.lib(stdlib_func.o)
                0x102e584c                Ql_atoi

.text.Ql_Sleep  0x102e58d0       0x74
 .text.Ql_Sleep
                0x102e58d0       0x74 libs/gcc/app_start.lib(system.o)
                0x102e58d0                Ql_Sleep

.text.Ql_GetSDKVer
                0x102e5944       0x64
 .text.Ql_GetSDKVer
                0x102e5944       0x64 libs/gcc/app_start.lib(system.o)
                0x102e5944                Ql_GetSDKVer

.text.Ql_OS_GetMessage
                0x102e59a8       0x60
 .text.Ql_OS_GetMessage
                0x102e59a8       0x60 libs/gcc/app_start.lib(taskMngt.o)
                0x102e59a8                Ql_OS_GetMessage

.text.Ql_OS_SendMessage
                0x102e5a08       0x78
 .text.Ql_OS_SendMessage
                0x102e5a08       0x78 libs/gcc/app_start.lib(taskMngt.o)
                0x102e5a08                Ql_OS_SendMessage

.text.Ql_OS_CreateMutex
                0x102e5a80       0x54
 .text.Ql_OS_CreateMutex
                0x102e5a80       0x54 libs/gcc/app_start.lib(taskMngt.o)
                0x102e5a80                Ql_OS_CreateMutex

.text.Ql_OS_TakeMutex
                0x102e5ad4       0x54
 .text.Ql_OS_TakeMutex
                0x102e5ad4       0x54 libs/gcc/app_start.lib(taskMngt.o)
                0x102e5ad4                Ql_OS_TakeMutex

.text.Ql_OS_GiveMutex
                0x102e5b28       0x54
 .text.Ql_OS_GiveMutex
                0x102e5b28       0x54 libs/gcc/app_start.lib(taskMngt.o)
                0x102e5b28                Ql_OS_GiveMutex

.text.Ql_OS_CreateEvent
                0x102e5b7c       0x54
 .text.Ql_OS_CreateEvent
                0x102e5b7c       0x54 libs/gcc/app_start.lib(taskMngt.o)
                0x102e5b7c                Ql_OS_CreateEvent

.text.Ql_OS_WaitEvent
                0x102e5bd0       0x68
 .text.Ql_OS_WaitEvent
                0x102e5bd0       0x68 libs/gcc/app_start.lib(taskMngt.o)
                0x102e5bd0                Ql_OS_WaitEvent

.text.Ql_OS_SetEvent
                0x102e5c38       0x68
 .text.Ql_OS_SetEvent
                0x102e5c38       0x68 libs/gcc/app_start.lib(taskMngt.o)
                0x102e5c38                Ql_OS_SetEvent

.text.Ql_GetLocalTime
                0x102e5ca0       0x54
 .text.Ql_GetLocalTime
                0x102e5ca0       0x54 libs/gcc/app_start.lib(time.o)
                0x102e5ca0                Ql_GetLocalTime

.text.Ql_Timer_Register
                0x102e5cf4       0x70
 .text.Ql_Timer_Register
                0x102e5cf4       0x70 libs/gcc/app_start.lib(timer.o)
                0x102e5cf4                Ql_Timer_Register

.text.Ql_Timer_Start
                0x102e5d64       0x70
 .text.Ql_Timer_Start
                0x102e5d64       0x70 libs/gcc/app_start.lib(timer.o)
                0x102e5d64                Ql_Timer_Start

.text.Ql_Timer_Stop
                0x102e5dd4       0x60
 .text.Ql_Timer_Stop
                0x102e5dd4       0x60 libs/gcc/app_start.lib(timer.o)
                0x102e5dd4                Ql_Timer_Stop

.text.Ql_UART_Register
                0x102e5e34       0x70
 .text.Ql_UART_Register
                0x102e5e34       0x70 libs/gcc/app_start.lib(uart.o)
                0x102e5e34                Ql_UART_Register

.text.Ql_UART_Open
                0x102e5ea4       0x70
 .text.Ql_UART_Open
                0x102e5ea4       0x70 libs/gcc/app_start.lib(uart.o)
                0x102e5ea4                Ql_UART_Open

.text.Ql_UART_Write
                0x102e5f14       0x70
 .text.Ql_UART_Write
                0x102e5f14       0x70 libs/gcc/app_start.lib(uart.o)
                0x102e5f14                Ql_UART_Write

.text.Ql_UART_Read
                0x102e5f84       0x70
 .text.Ql_UART_Read
                0x102e5f84       0x70 libs/gcc/app_start.lib(uart.o)
                0x102e5f84                Ql_UART_Read

.text.Ql_UART_GetPinStatus
                0x102e5ff4       0x68
 .text.Ql_UART_GetPinStatus
                0x102e5ff4       0x68 libs/gcc/app_start.lib(uart.o)
                0x102e5ff4                Ql_UART_GetPinStatus

.text.Ql_UART_SendEscap
                0x102e605c       0x60
 .text.Ql_UART_SendEscap
                0x102e605c       0x60 libs/gcc/app_start.lib(uart.o)
                0x102e605c                Ql_UART_SendEscap

.rodata         0x102e60bc      0xcb5
 *(.rodata)
 .rodata        0x102e60bc       0x48 build\gcc\obj/custom/config/custom_sys_cfg.o
                0x102e60c0                SystemCfg
 .rodata        0x102e6104       0x54 build\gcc\obj/custom/config/sys_config.o
                0x102e6104                GpioConfigTbl
                0x102e6108                TaskConfig
 .rodata        0x102e6158      0x100 build\gcc\obj/ril/src/ril_bluetooth.o
 .rodata        0x102e6258       0x1a build\gcc\obj/ril/src/Ril_dtmf.o
 .rodata        0x102e6272       0x40 build\gcc\obj/ril/src/ril_gps.o
 .rodata        0x102e62b2        0xe build\gcc\obj/ril/src/ril_location.o
 .rodata        0x102e62c0       0x5d build\gcc\obj/ril/src/ril_network.o
 .rodata        0x102e631d        0xa build\gcc\obj/ril/src/ril_ntp.o
 .rodata        0x102e6327       0x25 build\gcc\obj/ril/src/ril_sim.o
 .rodata        0x102e634c        0x8 build\gcc\obj/ril/src/ril_system.o
 .rodata        0x102e6354      0x9d8 build\gcc\obj/ril/src/ril_urc.o
 .rodata        0x102e6d2c       0x15 build\gcc\obj/custom/main.o
 .rodata        0x102e6d41       0x16 libs/gcc/app_start.lib(ql_main.o)
 .rodata        0x102e6d57        0x4 libs/gcc/app_start.lib(ril_main.o)
 .rodata        0x102e6d5b       0x16 libs/gcc/app_start.lib(system.o)

.rodata.str1.1  0x102e6d71     0x2522
 .rodata.str1.1
                0x102e6d71       0x25 build\gcc\obj/ril/src/ril_atResponse.o
                                 0x2e (size before relaxing)
 .rodata.str1.1
                0x102e6d96      0x425 build\gcc\obj/ril/src/ril_ble.o
                                0x4d2 (size before relaxing)
 .rodata.str1.1
                0x102e71bb      0x3cb build\gcc\obj/ril/src/ril_bluetooth.o
                                0x4e3 (size before relaxing)
 .rodata.str1.1
                0x102e7586       0xb7 build\gcc\obj/ril/src/Ril_dtmf.o
                                 0xcc (size before relaxing)
 .rodata.str1.1
                0x102e763d       0x52 build\gcc\obj/ril/src/ril_init.o
 .rodata.str1.1
                0x102e768f       0x48 build\gcc\obj/ril/src/ril_location.o
                                 0x64 (size before relaxing)
 .rodata.str1.1
                0x102e76d7       0xf8 build\gcc\obj/ril/src/ril_network.o
                                0x112 (size before relaxing)
 .rodata.str1.1
                0x102e77cf       0x79 build\gcc\obj/ril/src/ril_sim.o
                                 0xaf (size before relaxing)
 .rodata.str1.1
                0x102e7848       0x5b build\gcc\obj/ril/src/ril_system.o
                                 0x79 (size before relaxing)
 .rodata.str1.1
                0x102e78a3      0x164 build\gcc\obj/ril/src/ril_urc.o
                                0x16b (size before relaxing)
 .rodata.str1.1
                0x102e7a07       0x11 build\gcc\obj/ril/src/ril_util.o
                                 0x16 (size before relaxing)
 .rodata.str1.1
                0x102e7a18        0x6 build\gcc\obj/example/utility.o
                                  0xb (size before relaxing)
 .rodata.str1.1
                0x102e7a1e      0xd54 build\gcc\obj/custom/main.o
 .rodata.str1.1
                0x102e8772      0x3b9 build\gcc\obj/cloud/protocol/mqtt/src/mqtt.o
                                0x40d (size before relaxing)
 .rodata.str1.1
                0x102e8b2b       0x11 build\gcc\obj/cloud/protocol/mqtt/src/MqttKit.o
                                 0x12 (size before relaxing)
 .rodata.str1.1
                0x102e8b3c       0x6f libs/gcc/app_start.lib(eint.o)
 .rodata.str1.1
                0x102e8bab       0x9a libs/gcc/app_start.lib(gpio.o)
 .rodata.str1.1
                0x102e8c45       0xcb libs/gcc/app_start.lib(gprs.o)
 .rodata.str1.1
                0x102e8d10       0x19 libs/gcc/app_start.lib(memory.o)
 .rodata.str1.1
                0x102e8d29       0x51 libs/gcc/app_start.lib(ql_main.o)
                                 0x56 (size before relaxing)
 .rodata.str1.1
                0x102e8d7a       0x1c libs/gcc/app_start.lib(ril_main.o)
                                 0x25 (size before relaxing)
 .rodata.str1.1
                0x102e8d96      0x151 libs/gcc/app_start.lib(socket.o)
 .rodata.str1.1
                0x102e8ee7       0xa1 libs/gcc/app_start.lib(stdlib_func.o)
 .rodata.str1.1
                0x102e8f88       0x3d libs/gcc/app_start.lib(system.o)
 .rodata.str1.1
                0x102e8fc5      0x140 libs/gcc/app_start.lib(taskMngt.o)
 .rodata.str1.1
                0x102e9105       0x41 libs/gcc/app_start.lib(time.o)
 .rodata.str1.1
                0x102e9146       0x45 libs/gcc/app_start.lib(timer.o)
 .rodata.str1.1
                0x102e918b      0x108 libs/gcc/app_start.lib(uart.o)

.rel.dyn        0x102e9294        0x0
 .rel.iplt      0x00000000        0x0 build\gcc\obj/custom/config/custom_sys_cfg.o

.data           0xf03d2000      0x170 load address 0x102e9298
                0x102e9298                PROVIDE (__data_load, LOADADDR (.data))
                0xf03d2000                PROVIDE (__data_start, .)
 *(.data)
 .data          0xf03d2000        0x1 build\gcc\obj/ril/src/ril_bluetooth.o
 *fill*         0xf03d2001        0x3 
 .data          0xf03d2004       0x20 build\gcc\obj/ril/src/ril_init.o
                0xf03d2004                g_LimitedCmds
                0xf03d200c                g_InitCmds
 .data          0xf03d2024       0xec build\gcc\obj/custom/main.o
                0xf03d2028                callback_gprs_func
                0xf03d20f8                callback_soc_func
 .data          0xf03d2110       0x32 build\gcc\obj/cloud/protocol/mqtt/src/mqtt.o
                0xf03d2110                topics
 .data          0xf03d2142       0x18 libs/gcc/app_start.lib(ql_func.o)
                0xf03d2142                api_notsup
 *fill*         0xf03d215a        0x2 
 .data          0xf03d215c        0x4 libs/gcc/app_start.lib(ril_aux.o)
                0xf03d215c                g_ril_auxTaskId
 .data          0xf03d2160       0x10 libs/gcc/app_start.lib(ril_main.o)
                0xf03d2170                . = ALIGN (0x8)
                0xf03d2170                PROVIDE (_edata, .)

.igot.plt       0xf03d2170        0x0 load address 0x102e9408
 .igot.plt      0x00000000        0x0 build\gcc\obj/custom/config/custom_sys_cfg.o

.bss            0xf03d2170     0x43a0 load address 0x102e9408
                0xf03d2170                PROVIDE (__bss_start__, .)
 *(.bss)
 .bss           0xf03d2170        0x4 build\gcc\obj/ril/src/ril_atResponse.o
 .bss           0xf03d2174        0x4 build\gcc\obj/ril/src/ril_audio.o
                0xf03d2174                cb_aud_play
 .bss           0xf03d2178        0x4 build\gcc\obj/ril/src/ril_ble.o
 .bss           0xf03d217c       0x94 build\gcc\obj/ril/src/ril_bluetooth.o
 .bss           0xf03d2210        0x4 build\gcc\obj/ril/src/ril_custom.o
                0xf03d2210                cb_rcvCoreData
 .bss           0xf03d2214       0x10 build\gcc\obj/ril/src/Ril_dtmf.o
 .bss           0xf03d2224        0x4 build\gcc\obj/ril/src/ril_gps.o
 .bss           0xf03d2228       0x18 build\gcc\obj/ril/src/ril_http.o
                0xf03d222c                http_url_addr
                0xf03d2230                http_url_addr_len
                0xf03d2234                http_post_msg
                0xf03d2238                http_post_msg_len
                0xf03d223c                callback_http_dwnld
 .bss           0xf03d2240        0x4 build\gcc\obj/ril/src/ril_location.o
 .bss           0xf03d2244        0x4 build\gcc\obj/ril/src/ril_ntp.o
 .bss           0xf03d2248        0x8 build\gcc\obj/ril/src/ril_urc.o
                0xf03d2248                FtpGet_IND_CB
                0xf03d224c                FtpPut_IND_CB
 .bss           0xf03d2250      0xb18 build\gcc\obj/custom/main.o
                0xf03d245c                m_pCurrentPos
                0xf03d2460                m_remain_len
 .bss           0xf03d2d68      0x40c build\gcc\obj/cloud/protocol/mqtt/src/mqtt.o
                0xf03d3168                MQTTSTATE
                0xf03d3169                rand
                0xf03d316c                hour
                0xf03d316d                minute
                0xf03d316e                second
                0xf03d316f                mqttwaitingack
                0xf03d3170                acklen
 .bss           0xf03d3174       0x1c libs/gcc/app_start.lib(eint.o)
                0xf03d3174                m_EINT_Register
                0xf03d3178                m_EINT_RegisterFast
                0xf03d317c                m_EINT_Init
                0xf03d3180                m_EINT_Uninit
                0xf03d3184                m_EINT_GetLevel
                0xf03d3188                m_EINT_Mask
                0xf03d318c                m_EINT_Unmask
 .bss           0xf03d3190       0x20 libs/gcc/app_start.lib(gpio.o)
                0xf03d3190                m_GPIO_Init
                0xf03d3194                m_GPIO_SetLevel
                0xf03d3198                m_GPIO_GetLevel
                0xf03d319c                m_GPIO_SetDirection
                0xf03d31a0                m_GPIO_GetDirection
                0xf03d31a4                m_GPIO_SetPullSelection
                0xf03d31a8                m_GPIO_GetPullSelection
                0xf03d31ac                m_GPIO_Uninit
 .bss           0xf03d31b0       0x28 libs/gcc/app_start.lib(gprs.o)
 .bss           0xf03d31d8        0x8 libs/gcc/app_start.lib(memory.o)
 .bss           0xf03d31e0       0x24 libs/gcc/app_start.lib(ql_func.o)
                0xf03d31e0                m_StartPlayAudioStream
                0xf03d31e4                m_get_api_ptr
                0xf03d31e8                m_StopPlayAudioStream
                0xf03d31ec                m_GetRelativeTime_Counter
                0xf03d31f0                m_SecondToTicks
                0xf03d31f4                m_MillisecondToTicks
                0xf03d31f8                m_CalendarTime2LocalTime
                0xf03d31fc                m_osChangeTaskPriority
                0xf03d3200                m_create_api_hash
 .bss           0xf03d3204       0x10 libs/gcc/app_start.lib(ql_main.o)
                0xf03d3208                runinfo
 .bss           0xf03d3214        0x1 libs/gcc/app_start.lib(ril_aux.o)
                0xf03d3214                g_ril_auxTaskReady
 *fill*         0xf03d3215        0x3 
 .bss           0xf03d3218      0xc34 libs/gcc/app_start.lib(ril_main.o)
 .bss           0xf03d3e4c       0x4c libs/gcc/app_start.lib(socket.o)
 .bss           0xf03d3e98       0x40 libs/gcc/app_start.lib(stdlib_func.o)
 .bss           0xf03d3ed8       0x14 libs/gcc/app_start.lib(system.o)
 .bss           0xf03d3eec       0x40 libs/gcc/app_start.lib(taskMngt.o)
 .bss           0xf03d3f2c       0x10 libs/gcc/app_start.lib(time.o)
 .bss           0xf03d3f3c       0x10 libs/gcc/app_start.lib(timer.o)
 .bss           0xf03d3f4c       0x3c libs/gcc/app_start.lib(uart.o)
                0xf03d3f88                . = ALIGN (0x8)
                0xf03d3f88                PROVIDE (__bss_end__, .)
 COMMON         0xf03d3f88      0x124 build\gcc\obj/ril/src/ril_telephony.o
                0xf03d3f88                g_comingCall
 COMMON         0xf03d40ac     0x1000 build\gcc\obj/custom/main.o
                0xf03d40ac                m_recv_buf
                0xf03d48ac                m_send_buf
 COMMON         0xf03d50ac     0x144f build\gcc\obj/cloud/protocol/mqtt/src/mqtt.o
                0xf03d50ac                mqttbuf
                0xf03d50bc                mqttusername
                0xf03d50da                publish
                0xf03d54da                packetlen
                0xf03d54db                IMEIBCD
                0xf03d54e5                packetdata
                0xf03d58e5                lastpublishlen
                0xf03d58e6                ackmsg
                0xf03d5ce6                dataMem
                0xf03d60e6                publishlen
                0xf03d60e7                lastpublish
                0xf03d64e7                IMEIstr
 *fill*         0xf03d64fb        0x1 
 COMMON         0xf03d64fc       0x14 libs/gcc/app_start.lib(ql_main.o)
                0xf03d64fc                Ql_snprintf
                0xf03d6500                Ql_sprintf
                0xf03d6504                Ql_Debug_Trace
                0xf03d6508                Ql_vsprintf
                0xf03d650c                Ql_sscanf
LOAD build\gcc\obj/custom/config/custom_sys_cfg.o
LOAD build\gcc\obj/custom/config/sys_config.o
LOAD build\gcc\obj/ril/src/ril_alarm.o
LOAD build\gcc\obj/ril/src/ril_atResponse.o
LOAD build\gcc\obj/ril/src/ril_audio.o
LOAD build\gcc\obj/ril/src/ril_ble.o
LOAD build\gcc\obj/ril/src/ril_bluetooth.o
LOAD build\gcc\obj/ril/src/ril_custom.o
LOAD build\gcc\obj/ril/src/Ril_dtmf.o
LOAD build\gcc\obj/ril/src/ril_ftp.o
LOAD build\gcc\obj/ril/src/ril_gps.o
LOAD build\gcc\obj/ril/src/ril_http.o
LOAD build\gcc\obj/ril/src/ril_init.o
LOAD build\gcc\obj/ril/src/ril_location.o
LOAD build\gcc\obj/ril/src/ril_network.o
LOAD build\gcc\obj/ril/src/ril_ntp.o
LOAD build\gcc\obj/ril/src/ril_sim.o
LOAD build\gcc\obj/ril/src/ril_sms.o
LOAD build\gcc\obj/ril/src/ril_system.o
LOAD build\gcc\obj/ril/src/ril_telephony.o
LOAD build\gcc\obj/ril/src/ril_urc.o
LOAD build\gcc\obj/ril/src/ril_util.o
LOAD build\gcc\obj/example/example_adc.o
LOAD build\gcc\obj/example/example_alarm.o
LOAD build\gcc\obj/example/example_audio.o
LOAD build\gcc\obj/example/example_ble.o
LOAD build\gcc\obj/example/example_bluetooth.o
LOAD build\gcc\obj/example/example_call.o
LOAD build\gcc\obj/example/example_clk.o
LOAD build\gcc\obj/example/example_csd.o
LOAD build\gcc\obj/example/example_download_epo.o
LOAD build\gcc\obj/example/example_dtmf.o
LOAD build\gcc\obj/example/example_eint.o
LOAD build\gcc\obj/example/example_file.o
LOAD build\gcc\obj/example/example_float_math.o
LOAD build\gcc\obj/example/example_fota_ftp.o
LOAD build\gcc\obj/example/example_fota_http.o
LOAD build\gcc\obj/example/example_ftp.o
LOAD build\gcc\obj/example/example_gpio.o
LOAD build\gcc\obj/example/example_gps.o
LOAD build\gcc\obj/example/Example_gps_iic.o
LOAD build\gcc\obj/example/example_http.o
LOAD build\gcc\obj/example/example_iic.o
LOAD build\gcc\obj/example/example_location.o
LOAD build\gcc\obj/example/example_memory.o
LOAD build\gcc\obj/example/example_multitask.o
LOAD build\gcc\obj/example/example_multitask_port.o
LOAD build\gcc\obj/example/example_pwm.o
LOAD build\gcc\obj/example/example_sms.o
LOAD build\gcc\obj/example/example_spi.o
LOAD build\gcc\obj/example/example_system.o
LOAD build\gcc\obj/example/example_tcpserver.o
LOAD build\gcc\obj/example/example_time.o
LOAD build\gcc\obj/example/example_timer.o
LOAD build\gcc\obj/example/example_transpass.o
LOAD build\gcc\obj/example/example_udpclient.o
LOAD build\gcc\obj/example/example_udpserver.o
LOAD build\gcc\obj/example/example_watchdog.o
LOAD build\gcc\obj/example/nema_pro.o
LOAD build\gcc\obj/example/utility.o
LOAD build\gcc\obj/custom/main.o
LOAD build\gcc\obj/custom/fota/src/fota_ftp.o
LOAD build\gcc\obj/custom/fota/src/fota_http.o
LOAD build\gcc\obj/custom/fota/src/fota_http_code.o
LOAD build\gcc\obj/custom/fota/src/fota_main.o
LOAD build\gcc\obj/cloud/http/src/cloud_http.o
LOAD build\gcc\obj/cloud/protocol/mqtt/src/mqtt.o
LOAD build\gcc\obj/cloud/protocol/mqtt/src/MqttKit.o
LOAD libs/gcc/app_start.lib
LOAD D:\Program Files\Sourcery CodeBench MC20opencpu/arm-none-eabi/lib/thumb/libm.a
LOAD D:\Program Files\Sourcery CodeBench MC20opencpu/arm-none-eabi/lib/thumb/libc.a
LOAD D:\Program Files\Sourcery CodeBench MC20opencpu/arm-none-eabi/lib/thumb/libcs3.a
LOAD D:\Program Files\Sourcery CodeBench MC20opencpu/lib/gcc/arm-none-eabi/4.8.1/thumb/libgcc.a
OUTPUT(build\gcc/APPGS3MDM32A01.elf elf32-littlearm)

.comment        0x00000000       0x60
 .comment       0x00000000       0x30 build\gcc\obj/custom/config/custom_sys_cfg.o
                                 0x31 (size before relaxing)
 .comment       0x00000000       0x31 build\gcc\obj/custom/config/sys_config.o
 .comment       0x00000000       0x31 build\gcc\obj/ril/src/ril_atResponse.o
 .comment       0x00000000       0x31 build\gcc\obj/ril/src/ril_audio.o
 .comment       0x00000000       0x31 build\gcc\obj/ril/src/ril_ble.o
 .comment       0x00000000       0x31 build\gcc\obj/ril/src/ril_bluetooth.o
 .comment       0x00000000       0x31 build\gcc\obj/ril/src/ril_custom.o
 .comment       0x00000000       0x31 build\gcc\obj/ril/src/Ril_dtmf.o
 .comment       0x00000000       0x31 build\gcc\obj/ril/src/ril_gps.o
 .comment       0x00000000       0x31 build\gcc\obj/ril/src/ril_http.o
 .comment       0x00000000       0x31 build\gcc\obj/ril/src/ril_init.o
 .comment       0x00000000       0x31 build\gcc\obj/ril/src/ril_location.o
 .comment       0x00000000       0x31 build\gcc\obj/ril/src/ril_network.o
 .comment       0x00000000       0x31 build\gcc\obj/ril/src/ril_ntp.o
 .comment       0x00000000       0x31 build\gcc\obj/ril/src/ril_sim.o
 .comment       0x00000000       0x31 build\gcc\obj/ril/src/ril_system.o
 .comment       0x00000000       0x31 build\gcc\obj/ril/src/ril_telephony.o
 .comment       0x00000000       0x31 build\gcc\obj/ril/src/ril_urc.o
 .comment       0x00000000       0x31 build\gcc\obj/ril/src/ril_util.o
 .comment       0x00000000       0x31 build\gcc\obj/example/utility.o
 .comment       0x00000000       0x31 build\gcc\obj/custom/main.o
 .comment       0x00000000       0x31 build\gcc\obj/cloud/protocol/mqtt/src/mqtt.o
 .comment       0x00000000       0x31 build\gcc\obj/cloud/protocol/mqtt/src/MqttKit.o
 .comment       0x00000030       0x30 libs/gcc/app_start.lib(eint.o)
                                 0x31 (size before relaxing)
 .comment       0x00000000       0x31 libs/gcc/app_start.lib(gpio.o)
 .comment       0x00000000       0x31 libs/gcc/app_start.lib(gprs.o)
 .comment       0x00000000       0x31 libs/gcc/app_start.lib(memory.o)
 .comment       0x00000000       0x31 libs/gcc/app_start.lib(ql_func.o)
 .comment       0x00000000       0x31 libs/gcc/app_start.lib(ql_main.o)
 .comment       0x00000000       0x31 libs/gcc/app_start.lib(ril_aux.o)
 .comment       0x00000000       0x31 libs/gcc/app_start.lib(ril_main.o)
 .comment       0x00000000       0x31 libs/gcc/app_start.lib(socket.o)
 .comment       0x00000000       0x31 libs/gcc/app_start.lib(stdlib_func.o)
 .comment       0x00000000       0x31 libs/gcc/app_start.lib(system.o)
 .comment       0x00000000       0x31 libs/gcc/app_start.lib(taskMngt.o)
 .comment       0x00000000       0x31 libs/gcc/app_start.lib(time.o)
 .comment       0x00000000       0x31 libs/gcc/app_start.lib(timer.o)
 .comment       0x00000000       0x31 libs/gcc/app_start.lib(uart.o)

.ARM.attributes
                0x00000000       0x2b
 .ARM.attributes
                0x00000000       0x2b build\gcc\obj/custom/config/custom_sys_cfg.o
 .ARM.attributes
                0x0000002b       0x2b build\gcc\obj/custom/config/sys_config.o
 .ARM.attributes
                0x00000056       0x2b build\gcc\obj/ril/src/ril_atResponse.o
 .ARM.attributes
                0x00000081       0x2b build\gcc\obj/ril/src/ril_audio.o
 .ARM.attributes
                0x000000ac       0x2b build\gcc\obj/ril/src/ril_ble.o
 .ARM.attributes
                0x000000d7       0x2b build\gcc\obj/ril/src/ril_bluetooth.o
 .ARM.attributes
                0x00000102       0x2b build\gcc\obj/ril/src/ril_custom.o
 .ARM.attributes
                0x0000012d       0x2b build\gcc\obj/ril/src/Ril_dtmf.o
 .ARM.attributes
                0x00000158       0x2b build\gcc\obj/ril/src/ril_gps.o
 .ARM.attributes
                0x00000183       0x2b build\gcc\obj/ril/src/ril_http.o
 .ARM.attributes
                0x000001ae       0x2b build\gcc\obj/ril/src/ril_init.o
 .ARM.attributes
                0x000001d9       0x2b build\gcc\obj/ril/src/ril_location.o
 .ARM.attributes
                0x00000204       0x2b build\gcc\obj/ril/src/ril_network.o
 .ARM.attributes
                0x0000022f       0x2b build\gcc\obj/ril/src/ril_ntp.o
 .ARM.attributes
                0x0000025a       0x2b build\gcc\obj/ril/src/ril_sim.o
 .ARM.attributes
                0x00000285       0x2b build\gcc\obj/ril/src/ril_system.o
 .ARM.attributes
                0x000002b0       0x2b build\gcc\obj/ril/src/ril_telephony.o
 .ARM.attributes
                0x000002db       0x2b build\gcc\obj/ril/src/ril_urc.o
 .ARM.attributes
                0x00000306       0x2b build\gcc\obj/ril/src/ril_util.o
 .ARM.attributes
                0x00000331       0x2b build\gcc\obj/example/utility.o
 .ARM.attributes
                0x0000035c       0x2b build\gcc\obj/custom/main.o
 .ARM.attributes
                0x00000387       0x2b build\gcc\obj/cloud/protocol/mqtt/src/mqtt.o
 .ARM.attributes
                0x000003b2       0x2b build\gcc\obj/cloud/protocol/mqtt/src/MqttKit.o
 .ARM.attributes
                0x000003dd       0x2b libs/gcc/app_start.lib(eint.o)
 .ARM.attributes
                0x00000408       0x2b libs/gcc/app_start.lib(gpio.o)
 .ARM.attributes
                0x00000433       0x2b libs/gcc/app_start.lib(gprs.o)
 .ARM.attributes
                0x0000045e       0x2b libs/gcc/app_start.lib(memory.o)
 .ARM.attributes
                0x00000489       0x2b libs/gcc/app_start.lib(ql_func.o)
 .ARM.attributes
                0x000004b4       0x2b libs/gcc/app_start.lib(ql_main.o)
 .ARM.attributes
                0x000004df       0x2b libs/gcc/app_start.lib(ril_aux.o)
 .ARM.attributes
                0x0000050a       0x2b libs/gcc/app_start.lib(ril_main.o)
 .ARM.attributes
                0x00000535       0x2b libs/gcc/app_start.lib(socket.o)
 .ARM.attributes
                0x00000560       0x2b libs/gcc/app_start.lib(stdlib_func.o)
 .ARM.attributes
                0x0000058b       0x2b libs/gcc/app_start.lib(system.o)
 .ARM.attributes
                0x000005b6       0x2b libs/gcc/app_start.lib(taskMngt.o)
 .ARM.attributes
                0x000005e1       0x2b libs/gcc/app_start.lib(time.o)
 .ARM.attributes
                0x0000060c       0x2b libs/gcc/app_start.lib(timer.o)
 .ARM.attributes
                0x00000637       0x2b libs/gcc/app_start.lib(uart.o)
 .ARM.attributes
                0x00000662       0x1d libs/gcc/app_start.lib(ocpu_init.o)
 .ARM.attributes
                0x0000067f       0x30 D:\Program Files\Sourcery CodeBench MC20opencpu/arm-none-eabi/lib/thumb/libc.a(lib_a-memcpy-stub.o)
 .ARM.attributes
                0x000006af       0x30 D:\Program Files\Sourcery CodeBench MC20opencpu/arm-none-eabi/lib/thumb/libc.a(lib_a-memset.o)
 .ARM.attributes
                0x000006df       0x18 D:\Program Files\Sourcery CodeBench MC20opencpu/lib/gcc/arm-none-eabi/4.8.1/thumb/libgcc.a(_udivsi3.o)
 .ARM.attributes
                0x000006f7       0x16 D:\Program Files\Sourcery CodeBench MC20opencpu/lib/gcc/arm-none-eabi/4.8.1/thumb/libgcc.a(_dvmd_tls.o)
 .ARM.attributes
                0x0000070d       0x18 D:\Program Files\Sourcery CodeBench MC20opencpu/lib/gcc/arm-none-eabi/4.8.1/thumb/libgcc.a(_arm_fixdfsi.o)
 .ARM.attributes
                0x00000725       0x18 D:\Program Files\Sourcery CodeBench MC20opencpu/lib/gcc/arm-none-eabi/4.8.1/thumb/libgcc.a(_arm_truncdfsf2.o)

.debug_frame    0x00000000       0x88
 .debug_frame   0x00000000       0x30 D:\Program Files\Sourcery CodeBench MC20opencpu/arm-none-eabi/lib/thumb/libc.a(lib_a-memcpy-stub.o)
 .debug_frame   0x00000030       0x38 D:\Program Files\Sourcery CodeBench MC20opencpu/arm-none-eabi/lib/thumb/libc.a(lib_a-memset.o)
 .debug_frame   0x00000068       0x20 D:\Program Files\Sourcery CodeBench MC20opencpu/lib/gcc/arm-none-eabi/4.8.1/thumb/libgcc.a(_udivsi3.o)
